Gate: sdk-inventory
sdk-inventory: PASS
Gate: sdk-smoke
sdk-smoke: PASS
Gate: helper-build
helper-build: PASS
Gate: helper-clean-build
helper-clean-build: PASS
Gate: format
format: PASS
Gate: root-tests
root-tests: PASS
Gate: core-only-tests
core-only-tests: PASS
Gate: all-feature-clippy
all-feature-clippy: PASS
Gate: rust-layout
rust-layout: PASS
Gate: documentation
documentation: PASS
Gate: contract-regressions
contract-regressions: PASS
Gate: native-kernels
native-kernels: PASS
Gate: capture-investigation-cli
capture-investigation-cli: PASS
Gate: native-stateflow-cli
native-stateflow-cli: PASS
Gate: native-generated-replay
native-generated-replay: PASS
Gate: native-algorithm-mutations
native-algorithm-mutations: PASS
Gate: native-boundary-mutations
native-boundary-mutations: PASS
Gate: stage1-regression
stage1-regression failed: /home/nzsn/Repos/Ariadne/target/bap-admission-qualification-20261010/native-core/stage1-regression.log
Report: /home/nzsn/Repos/Ariadne/target/bap-admission-qualification-20261010/native-core/report.json
