
running 1 test
test bap::projection::tests::captured_bil_matches_independent_alias_flag_address_and_memory_expectations ... FAILED

failures:

---- bap::projection::tests::captured_bil_matches_independent_alias_flag_address_and_memory_expectations stdout ----

thread 'bap::projection::tests::captured_bil_matches_independent_alias_flag_address_and_memory_expectations' (3287) panicked at src/bap/projection.rs:689:21:
assertion `left == right` failed: "load" uses
  left: {"memory:any"}
 right: {"gpr:rbx:0", "gpr:rbx:1", "gpr:rbx:2", "gpr:rbx:3", "gpr:rbx:4", "gpr:rbx:5", "gpr:rbx:6", "gpr:rbx:7", "gpr:rcx:0", "gpr:rcx:1", "gpr:rcx:2", "gpr:rcx:3", "gpr:rcx:4", "gpr:rcx:5", "gpr:rcx:6", "gpr:rcx:7", "memory:any"}
note: run with `RUST_BACKTRACE=1` environment variable to display a backtrace


failures:
    bap::projection::tests::captured_bil_matches_independent_alias_flag_address_and_memory_expectations

test result: FAILED. 0 passed; 1 failed; 0 ignored; 0 measured; 12 filtered out; finished in 0.01s

   Compiling ariadne-analysis v0.1.0 (/tmp/ariadne-bap-mutations-s2549rm9/sut)
warning: unused variable: `address`
   --> src/bap/projection.rs:222:17
    |
222 |             let address = child(addr)?;
    |                 ^^^^^^^ help: if this is intentional, prefix it with an underscore: `_address`
    |
    = note: `#[warn(unused_variables)]` (part of `#[warn(unused)]`) on by default

warning: `ariadne-analysis` (lib test) generated 1 warning (run `cargo fix --lib -p ariadne-analysis --tests` to apply 1 suggestion)
    Finished `release` profile [optimized] target(s) in 19.39s
     Running unittests src/lib.rs (target/bap-mutations/ariadne-bap-mutations-s2549rm9/release/deps/ariadne-afb8e1db3661b3e0)
error: test failed, to rerun pass `--lib`
